// Jest Snapshot v1, https://goo.gl/fbAQLP

exports[`Counter Component Debe de hacer mach con el snapshot 1`] = `
<div class="d-flex flex-column">
  <div class="container mt-4">
    <h1>Counter: 10</h1>
    <hr>
    <div class="buetons-box d-flex align-items-center">
      <h3>Numero: </h3><button type="button" class="btn btn-primary">-1</button>
      <h3 data-testid="counter">10</h3><button type="button" class="btn btn-primary">+1</button>
    </div>
    <hr>
    <h3>Numero al cuadrado : 10 <sup>2</sup> = 100</h3>
    <hr>
  </div>
</div>
`;
